[3][Zuwenig Speicher, um|Operation auszufÅhren!][Abbruch][1|1|1|0][]
[1][Das Objekt kann nicht|geîffnet werden!][OK][1|1|0|0][]
[1][Zu diesem Objekt/Fenster|existiert keine Information!][OK][1|1|0|0][]
[1][Zu diesem Objekt/Fenster|existiert keine Hilfe!][OK][1|1|0|0][]
[1][Ein Objekt kann gelîscht wer-|den, indem es auf den Papier-|korb gezogen wird.][OK][0|1|0|0][]
[1][Texte und Grafiken kînnen auf|dem Drucker ausgeben werden,|indem sie auf das Drucker-|symbol gezogen werden.][OK][0|1|0|0][]
[1][Beliebige Texte und Grafiken|kînnen angezeigt werden, indem|das Diskettensymbol geîffnet|wird.][OK][0|1|0|0][]
[1][Texte kînnen durch ôffnen|angezeigt werden.][OK][0|1|0|0][]
[1][Das Klemmbrett dient zur|Zwischenablage und zum|Datenaustausch. Das ôffnen|zeigt den Inhalt des GEM-|Klemmbrettes.][OK][0|1|0|0][]
[1][Imagedateien kînnen durch|ôffnen angezeigt werden.][OK][0|1|0|0][]
[1][Metadateien kînnen durch|ôffnen angezeigt werden.][OK][0|1|0|0][]
[1][Im Papierkorb befinden sich|%d Objekte.][OK][0|1|0|0][]
[1][Keine besondere Information|Åber den Drucker vorhanden.][OK][0|1|0|0][]
[1][Keine besondere Information|Åber das Diskettenlaufwerk|vorhanden.][OK][0|1|0|0][]
[1][Text-Information:|Zeilen: %ld|Bytes : %ld][OK][0|1|0|0][]
[1][Klemmbrett-Information:|%ld Bytes|%d Dateien][OK][0|1|0|0][]
[1][Grî·e des Bildes:|Breite: %4d Pixel|Hîhe  : %4d Pixel|Farben: %4d][OK][0|1|0|0][]
[1][Der geladene Text ist zu|lang. Das Ende des Textes|wurde abgescnitten!][Ignorieren][1|1|0|0][]
[3][Fehler beim ôffnen|der Datei!][Abbruch][1|1|1|0][]
[3][Fehler beim Lesen|der Datei!][Abbruch][1|1|1|0][]
[3][Fehler beim Schreiben|der Datei!][Abbruch][1|1|1|0][]
[1][Datei: %s|Grî·e: %lu|Datum: %02d.%02d.%02d| Zeit: %02d:%02d:%02d][OK][0|1|0|0][]
[2][Soll die Datei|%s|gelîscht werden und die Datei|%s|Åberschreiben?][Ja|Nein][0|1|2|0][]
[2][Soll die Datei|%s|die Datei|%s|Åberschreiben?][Ja|Nein][0|1|2|0][]
[2][Soll die Datei|%s|gelîscht werden?][Ja|Nein][0|1|2|0][]
[2][Drucker nicht angeschlossen,|nicht bereit oder off-line.][Weiter|Abbruch][0|1|2|0][]
[1][Scrap-Directory konnte|nicht angelegt werden!][Ignorieren][1|1|0|0][]
[3][Midishare ist voll!][Abbruch][1|1|1|0][]
[3][Midishare nicht gefunden!][Abbruch|Hilfe][1|1|1|2][Fehler: Midishare nicht gefunden]
[3][Falsches oder altes|%s-Setup Dateiformat in|%s |evtl. Import probieren.][Abbruch|Hilfe][1|1|1|2][Fehler: Dateiformat]
[1][Keine externe Setupdatei fÅr das| %s-Modul vorhanden.][Neue Datei|Intern|Hilfe][1|1|2|3][Fehler: Keine externe Datei]
[1][Standard-Setups|kînnen nicht verÑndert werden.][Abbruch|Hilfe][1|1|1|2][Fehler: Standard-Setup]
[1][Die %s-Setup Daten in|%s |sind verÑndert worden.][Speichern|Abbruch|Hilfe][0|1|1|3][Setups speichern]
[3][Fehler beim éndern der %s-Setups in| %s][Abbruch|Hilfe][0|1|1|3][Fehler: Setups Ñndern]
[3][Fehler beim ôffnen|der %s-Import-Datei| %s][Abbruch][1|1|1|0][Fehler: Import îffnen]
[2][Programm beenden?][Abbruch|Beenden][0|2|1|0][Programm beenden]
[3][Fehler beim ôffnen|der %s-Datei in| %s][Abbruch][1|1|1|0][Fehler: Setups îffnen]
[3][Fehler beim Lesen|der %s-Datei in| %s][Abbruch][1|1|1|0][Fehler: Setups lesen]
[3][Fehler beim Schreiben|der %s-Datei in| %s][Abbruch][1|1|1|0][Fehler: Setups schreiben]
[1][Kein BIG-Sequenzer geladen][Abbruch][1|1|1|0][Fehler: Kein BIG-Sequenzer]
[1][Kein Power-Glove gefunden][Abbruch][1|1|1|0][Fehler: Kein Power-Glove]
